A51 MACRO ASSEMBLER  MASTER                                                               09/18/2021 18:23:02 PAGE     1


MACRO ASSEMBLER A51 V8.02
OBJECT MODULE PLACED IN master.OBJ
ASSEMBLER INVOKED BY: C:\Keil_v5\C51\BIN\A51.EXE master.asm SET(SMALL) DEBUG EP

LOC  OBJ            LINE     SOURCE

  00B2                 1     SELECT  BIT P3.2; bit chon mode
  0031                 2     SLAV_1  EQU 31H
  0032                 3     SLAV_2  EQU 32H
  0020                 4     NOB             EQU 20H; luu gia tri so lan nhan nut
  00B3                 5     LCD_E   BIT     P3.3                    
  00B5                 6     LCD_RS  BIT     P3.5
  6000                 7     LCDADDR EQU     6000H
  00B4                 8     LCD             BIT P3.4; bit kich hoat dong LCD
0000                   9     ORG 0000H
0000 020030           10     LJMP MAIN
                      11     
0030                  12     ORG 0030H
0030                  13     MAIN: 
0030 758921           14         MOV TMOD, #21H
0033 758BFD           15         MOV TL1, #-3
0036 758DFD           16         MOV TH1, #-3
0039 7598D2           17         MOV SCON, #0D2H
003C D28E             18             SETB TR1
003E 7590FF           19         MOV P1, #0FFH
0041 75A0FF           20         MOV P2, #0FFH
0044 752000           21             MOV NOB, #0
0047 906000           22             MOV             DPTR, #LCDADDR
004A 310C             23             ACALL   INIT_LCD
004C 3119             24             ACALL   CLEAR
                      25     
004E                  26     COMPARE:
004E 758AB0           27         MOV TL0, #LOW(-50000); tao timer 0 delay luc chon mode
0051 758C3C           28         MOV TH0, #HIGH(-50000)
0054 C28C             29         CLR TR0
0056 C28D             30         CLR TF0
0058 20B236           31         JB P3.2, SL2; chon mode
                      32     
005B                  33     SL1:
005B C29B             34         CLR TB8 
005D C29D             35         CLR SM2
005F 3119             36             ACALL   CLEAR   
0061 3152             37             ACALL   DISPLAYSTRING_1         
0063 7431             38         MOV A, #SLAV_1
0065 11CA             39         ACALL PHAT 
                      40     
0067 11D2             41         ACALL THU
0069 208DE2           42         JB TF0, COMPARE
006C C29D             43         CLR SM2
006E B431DD           44         CJNE A, #SLAV_1, COMPARE
                      45     
0071                  46     TRANS_1: 
0071 D29B             47         SETB TB8
0073 E590             48         MOV A, P1
0075 11CA             49         ACALL PHAT
0077 60D5             50         JZ COMPARE
0079 11D2             51         ACALL THU 
007B 208DD0           52         JB TF0, COMPARE 
007E C29B             53         CLR TB8
0080 C29D             54         CLR SM2
0082 B4FE04           55             CJNE A, #0FEH, XUAT_1; xem co nhan nut hay khong(1111 1110?)
0085 0520             56             INC NOB; neu co tang so lan nhan nut len 1.
0087 3145             57             ACALL WAIT_BUTTON; delay 250ms giam hien tuong rung phim
0089                  58     XUAT_1:
A51 MACRO ASSEMBLER  MASTER                                                               09/18/2021 18:23:02 PAGE     2

0089 E520             59             MOV A, NOB; chuyen so lan nhan nut vao A
008B 11E9             60             ACALL   DOI_BCD; chuyen sang dang BCD
008D 11F8             61             ACALL   HIEN_THI; xuat kieu BCD ra ma ASCII
008F 80E0             62         SJMP TRANS_1
                      63     
0091                  64     SL2:
0091 C29B             65         CLR TB8 
0093 C29D             66         CLR SM2     
0095 3119             67             ACALL   CLEAR   
0097 3166             68             ACALL   DISPLAYSTRING_2                 
0099 7432             69         MOV A, #SLAV_2
009B 11CA             70         ACALL PHAT 
                      71     
009D 11D2             72         ACALL THU
009F 208DAC           73         JB TF0, COMPARE
00A2 C29D             74         CLR SM2
00A4 B432A7           75         CJNE A, #SLAV_2, COMPARE
                      76             
00A7                  77     TRANS_2: 
00A7 D29B             78         SETB TB8
00A9 E590             79         MOV A, P1
00AB 11CA             80         ACALL PHAT
00AD 609F             81         JZ COMPARE
                      82     
00AF 11D2             83         ACALL THU 
00B1 208D9A           84         JB TF0, COMPARE
00B4 F9               85             MOV R1,A
00B5 11D2             86             ACALL THU
00B7 FA               87             MOV R2,A
00B8 7420             88             MOV A,#20H
00BA 312D             89             ACALL WRITETEXT
00BC 7B3F             90             MOV R3,#3FH
00BE 11F8             91             ACALL HIEN_THI
00C0 7443             92             MOV A,#'C'
00C2 312D             93             ACALL WRITETEXT
00C4 C29B             94         CLR TB8
00C6 C29D             95         CLR SM2
                      96      
00C8 80DD             97         SJMP TRANS_2
                      98     
00CA                  99     PHAT:
00CA 3099FD          100         JNB TI,$
00CD C299            101         CLR TI
00CF F599            102         MOV SBUF,A
00D1 22              103         RET
                     104     
00D2                 105     THU:
00D2 D28C            106         SETB TR0
00D4 208D11          107     OT: JB TF0, ET
00D7 3098FA          108         JNB RI, OT    
00DA 758AB0          109         MOV TL0, #LOW(-50000); neu quá 50ms chua thu xong thì reset
00DD 758C3C          110         MOV TH0, #HIGH(-50000)
00E0 C28C            111         CLR TR0
00E2 C28D            112         CLR TF0
00E4 E599            113         MOV A,SBUF
00E6 C298            114         CLR RI
00E8 22              115     ET: RET
                     116     
00E9 75F064          117     DOI_BCD:        MOV B,#100
00EC 84              118                             DIV AB
00ED F9              119                             MOV R1, A
00EE E5F0            120                             MOV A,B
00F0 75F00A          121                             MOV B, #10
00F3 84              122                             DIV AB
00F4 FA              123                             MOV R2,A
00F5 ABF0            124                             MOV R3, B
A51 MACRO ASSEMBLER  MASTER                                                               09/18/2021 18:23:02 PAGE     3

00F7 22              125                             RET
                     126     
00F8                 127     HIEN_THI:
00F8 74C0            128                             MOV A, #0C0H
00FA 311E            129                             ACALL WRITECOM
00FC 7430            130                             MOV A,#30H
00FE 29              131                             ADD A, R1
00FF 312D            132                             ACALL WRITETEXT
0101 7430            133                             MOV A,#30H
0103 2A              134                             ADD A, R2
0104 312D            135                             ACALL WRITETEXT
0106 7430            136                             MOV A,#30H
0108 2B              137                             ADD A, R3
0109 312D            138                             ACALL WRITETEXT
010B 22              139                             RET
                     140     
010C                 141     INIT_LCD:                                               
010C 7438            142                             MOV             A, #38H                    
010E 311E            143                             ACALL   WRITECOM                
0110 740F            144                             MOV             A, #0FH                         
0112 311E            145                             ACALL   WRITECOM                
0114 7406            146                             MOV             A, #06H                           
0116 311E            147                             ACALL   WRITECOM                   
0118 22              148                             RET
                     149     
0119                 150     CLEAR:
0119 7401            151                             MOV             A, #01H                          
011B 311E            152                             ACALL   WRITECOM                
011D 22              153                             RET
                     154     
011E                 155     WRITECOM:                                       
011E C2B4            156                             CLR     LCD; kich LCD hoat dong
0120 906000          157                             MOV             DPTR, #LCDADDR  
0123 D2B3            158                             SETB    LCD_E                     
0125 C2B5            159                             CLR             LCD_RS                    
0127 F0              160                             MOVX    @DPTR, A                  
0128 C2B3            161                             CLR             LCD_E 
012A 313C            162                             ACALL   WAIT_LCD                  
012C 22              163                             RET
                     164                     
012D                 165     WRITETEXT:                                              
012D C2B4            166                             CLR     LCD; kich LCD hoat dong
012F 906000          167                             MOV             DPTR, #LCDADDR                  
0132 D2B3            168                             SETB    LCD_E                            
0134 D2B5            169                             SETB    LCD_RS                            
0136 F0              170                             MOVX    @DPTR, A                          
0137 C2B3            171                             CLR             LCD_E                                   
0139 313C            172                             ACALL   WAIT_LCD                                 
013B 22              173                             RET
                     174     
013C                 175     WAIT_LCD:                                          
013C 7E0A            176                             MOV             R6,#10                           
013E                 177             DL1:                    
013E 7FFA            178                             MOV             R7, #250                        
0140 DFFE            179                             DJNZ    R7, $
0142 DEFA            180                             DJNZ    R6,DL1
0144 22              181                             RET
                     182     
0145                 183     WAIT_BUTTON:                                       
0145 7F03            184                             MOV R7, #3
0147                 185                     LP2:
0147 7EC8            186                             MOV R6,#200
0149                 187                     LP1:
0149 7DFA            188                             MOV R5,#250
014B DDFE            189                             DJNZ R5,$
014D DEFA            190                             DJNZ R6, LP1
A51 MACRO ASSEMBLER  MASTER                                                               09/18/2021 18:23:02 PAGE     4

014F DFF6            191                             DJNZ R7, LP2
0151 22              192                             RET
                     193     
0152                 194     DISPLAYSTRING_1:                                         
0152 C000            195                             PUSH    0
0154 7400            196                             MOV             A,#0                            
0156                 197     LOOP_1:
0156 900184          198                             MOV             DPTR, #MESS_SL1         
0159 F8              199                             MOV             R0,A                             
015A 93              200                             MOVC    A,@A+DPTR                       
015B 6006            201                             JZ              EXIT_1                                             
                                  
015D 312D            202                             ACALL   WRITETEXT                        
015F E8              203                             MOV             A,R0                            
0160 04              204                             INC             A                                       
0161 80F3            205                             SJMP    LOOP_1                    
0163                 206     EXIT_1:                 
0163 D000            207                             POP 0
0165 22              208                             RET
                     209     
0166                 210     DISPLAYSTRING_2:                                         
0166 C000            211                             PUSH    0
0168 7400            212                             MOV             A,#0                            
016A                 213     LOOP_2:
016A 900196          214                             MOV             DPTR, #MESS_SL2
016D F8              215                             MOV             R0,A                             
016E 93              216                             MOVC    A,@A+DPTR                       
016F 6006            217                             JZ              EXIT_2                                  
0171 312D            218                             ACALL   WRITETEXT                        
0173 E8              219                             MOV             A,R0                            
0174 04              220                             INC             A                                       
0175 80F3            221                             SJMP    LOOP_2                    
0177                 222     EXIT_2:                 
0177 D000            223                             POP 0
0179 22              224                             RET
017A                 225     TINH_BCD:
017A 75F00A          226     MOV B,#10
017D 84              227     DIV AB
017E F560            228     MOV 60H,A
0180 85F061          229     MOV 61H,B
0183 22              230     RET
                     231                             
0184 534F204C        232     MESS_SL1:       DB "SO LAN NHAN NUT: ", 0
0188 414E204E                
018C 48414E20                
0190 4E55543A                
0194 2000                    
0196 54454D50        233     MESS_SL2:       DB "TEMPERATURE:", 0
019A 45524154                
019E 5552453A                
01A2 00                      
                     234     
                     235     END
A51 MACRO ASSEMBLER  MASTER                                                               09/18/2021 18:23:02 PAGE     5

SYMBOL TABLE LISTING
------ ----- -------


N A M E             T Y P E  V A L U E   ATTRIBUTES

B. . . . . . . . .  D ADDR   00F0H   A   
CLEAR. . . . . . .  C ADDR   0119H   A   
COMPARE. . . . . .  C ADDR   004EH   A   
DISPLAYSTRING_1. .  C ADDR   0152H   A   
DISPLAYSTRING_2. .  C ADDR   0166H   A   
DL1. . . . . . . .  C ADDR   013EH   A   
DOI_BCD. . . . . .  C ADDR   00E9H   A   
ET . . . . . . . .  C ADDR   00E8H   A   
EXIT_1 . . . . . .  C ADDR   0163H   A   
EXIT_2 . . . . . .  C ADDR   0177H   A   
HIEN_THI . . . . .  C ADDR   00F8H   A   
INIT_LCD . . . . .  C ADDR   010CH   A   
LCD. . . . . . . .  B ADDR   00B0H.4 A   
LCDADDR. . . . . .  N NUMB   6000H   A   
LCD_E. . . . . . .  B ADDR   00B0H.3 A   
LCD_RS . . . . . .  B ADDR   00B0H.5 A   
LOOP_1 . . . . . .  C ADDR   0156H   A   
LOOP_2 . . . . . .  C ADDR   016AH   A   
LP1. . . . . . . .  C ADDR   0149H   A   
LP2. . . . . . . .  C ADDR   0147H   A   
MAIN . . . . . . .  C ADDR   0030H   A   
MESS_SL1 . . . . .  C ADDR   0184H   A   
MESS_SL2 . . . . .  C ADDR   0196H   A   
NOB. . . . . . . .  N NUMB   0020H   A   
OT . . . . . . . .  C ADDR   00D4H   A   
P1 . . . . . . . .  D ADDR   0090H   A   
P2 . . . . . . . .  D ADDR   00A0H   A   
P3 . . . . . . . .  D ADDR   00B0H   A   
PHAT . . . . . . .  C ADDR   00CAH   A   
RI . . . . . . . .  B ADDR   0098H.0 A   
SBUF . . . . . . .  D ADDR   0099H   A   
SCON . . . . . . .  D ADDR   0098H   A   
SELECT . . . . . .  B ADDR   00B0H.2 A   
SL1. . . . . . . .  C ADDR   005BH   A   
SL2. . . . . . . .  C ADDR   0091H   A   
SLAV_1 . . . . . .  N NUMB   0031H   A   
SLAV_2 . . . . . .  N NUMB   0032H   A   
SM2. . . . . . . .  B ADDR   0098H.5 A   
TB8. . . . . . . .  B ADDR   0098H.3 A   
TF0. . . . . . . .  B ADDR   0088H.5 A   
TH0. . . . . . . .  D ADDR   008CH   A   
TH1. . . . . . . .  D ADDR   008DH   A   
THU. . . . . . . .  C ADDR   00D2H   A   
TI . . . . . . . .  B ADDR   0098H.1 A   
TINH_BCD . . . . .  C ADDR   017AH   A   
TL0. . . . . . . .  D ADDR   008AH   A   
TL1. . . . . . . .  D ADDR   008BH   A   
TMOD . . . . . . .  D ADDR   0089H   A   
TR0. . . . . . . .  B ADDR   0088H.4 A   
TR1. . . . . . . .  B ADDR   0088H.6 A   
TRANS_1. . . . . .  C ADDR   0071H   A   
TRANS_2. . . . . .  C ADDR   00A7H   A   
WAIT_BUTTON. . . .  C ADDR   0145H   A   
WAIT_LCD . . . . .  C ADDR   013CH   A   
WRITECOM . . . . .  C ADDR   011EH   A   
WRITETEXT. . . . .  C ADDR   012DH   A   
XUAT_1 . . . . . .  C ADDR   0089H   A   


REGISTER BANK(S) USED: 0 
A51 MACRO ASSEMBLER  MASTER                                                               09/18/2021 18:23:02 PAGE     6



ASSEMBLY COMPLETE.  0 WARNING(S), 0 ERROR(S)
